Archive member included because of file (symbol)

c:/program files (x86)/gnu tools arm embedded/4.9 2014q4/bin/../lib/gcc/arm-none-eabi/4.9.3/armv6-m\libgcc.a(_udivsi3.o)
                              ..\obj\delay.o (__aeabi_uidiv)
c:/program files (x86)/gnu tools arm embedded/4.9 2014q4/bin/../lib/gcc/arm-none-eabi/4.9.3/armv6-m\libgcc.a(_dvmd_tls.o)
                              c:/program files (x86)/gnu tools arm embedded/4.9 2014q4/bin/../lib/gcc/arm-none-eabi/4.9.3/armv6-m\libgcc.a(_udivsi3.o) (__aeabi_idiv0)

Discarded input sections

 .text          0x00000000        0x0 ..\obj\semihosting.o
 .data          0x00000000        0x0 ..\obj\semihosting.o
 .text.SH_SendString
                0x00000000       0x20 ..\obj\semihosting.o
 .text.SH_GetChar
                0x00000000       0x40 ..\obj\semihosting.o
 .text          0x00000000        0x0 ..\obj\delay.o
 .data          0x00000000        0x0 ..\obj\delay.o
 .text.delay_nus
                0x00000000       0x24 ..\obj\delay.o
 .text          0x00000000        0x0 ..\obj\stm32f0xx_rcc.o
 .data          0x00000000       0x10 ..\obj\stm32f0xx_rcc.o
 .bss           0x00000000        0x0 ..\obj\stm32f0xx_rcc.o
 .text.RCC_DeInit
                0x00000000       0x88 ..\obj\stm32f0xx_rcc.o
 .text.RCC_HSEConfig
                0x00000000       0x24 ..\obj\stm32f0xx_rcc.o
 .text.RCC_WaitForHSEStartUp
                0x00000000       0x60 ..\obj\stm32f0xx_rcc.o
 .text.RCC_AdjustHSICalibrationValue
                0x00000000       0x3c ..\obj\stm32f0xx_rcc.o
 .text.RCC_HSICmd
                0x00000000       0x38 ..\obj\stm32f0xx_rcc.o
 .text.RCC_AdjustHSI14CalibrationValue
                0x00000000       0x3c ..\obj\stm32f0xx_rcc.o
 .text.RCC_HSI14Cmd
                0x00000000       0x38 ..\obj\stm32f0xx_rcc.o
 .text.RCC_HSI14ADCRequestCmd
                0x00000000       0x38 ..\obj\stm32f0xx_rcc.o
 .text.RCC_LSEConfig
                0x00000000       0x38 ..\obj\stm32f0xx_rcc.o
 .text.RCC_LSEDriveConfig
                0x00000000       0x2c ..\obj\stm32f0xx_rcc.o
 .text.RCC_LSICmd
                0x00000000       0x38 ..\obj\stm32f0xx_rcc.o
 .text.RCC_PLLConfig
                0x00000000       0x34 ..\obj\stm32f0xx_rcc.o
 .text.RCC_PLLCmd
                0x00000000       0x40 ..\obj\stm32f0xx_rcc.o
 .text.RCC_PREDIV1Config
                0x00000000       0x34 ..\obj\stm32f0xx_rcc.o
 .text.RCC_ClockSecuritySystemCmd
                0x00000000       0x40 ..\obj\stm32f0xx_rcc.o
 .text.RCC_MCOConfig
                0x00000000       0x20 ..\obj\stm32f0xx_rcc.o
 .text.RCC_SYSCLKConfig
                0x00000000       0x34 ..\obj\stm32f0xx_rcc.o
 .text.RCC_GetSYSCLKSource
                0x00000000       0x1c ..\obj\stm32f0xx_rcc.o
 .text.RCC_HCLKConfig
                0x00000000       0x34 ..\obj\stm32f0xx_rcc.o
 .text.RCC_PCLKConfig
                0x00000000       0x38 ..\obj\stm32f0xx_rcc.o
 .text.RCC_ADCCLKConfig
                0x00000000       0x50 ..\obj\stm32f0xx_rcc.o
 .text.RCC_CECCLKConfig
                0x00000000       0x2c ..\obj\stm32f0xx_rcc.o
 .text.RCC_I2CCLKConfig
                0x00000000       0x2c ..\obj\stm32f0xx_rcc.o
 .text.RCC_USARTCLKConfig
                0x00000000       0x2c ..\obj\stm32f0xx_rcc.o
 .text.RCC_GetClocksFreq
                0x00000000      0x1cc ..\obj\stm32f0xx_rcc.o
 .text.RCC_RTCCLKConfig
                0x00000000       0x20 ..\obj\stm32f0xx_rcc.o
 .text.RCC_RTCCLKCmd
                0x00000000       0x40 ..\obj\stm32f0xx_rcc.o
 .text.RCC_BackupResetCmd
                0x00000000       0x40 ..\obj\stm32f0xx_rcc.o
 .text.RCC_AHBPeriphClockCmd
                0x00000000       0x3c ..\obj\stm32f0xx_rcc.o
 .text.RCC_APB2PeriphClockCmd
                0x00000000       0x3c ..\obj\stm32f0xx_rcc.o
 .text.RCC_APB1PeriphClockCmd
                0x00000000       0x3c ..\obj\stm32f0xx_rcc.o
 .text.RCC_AHBPeriphResetCmd
                0x00000000       0x3c ..\obj\stm32f0xx_rcc.o
 .text.RCC_APB2PeriphResetCmd
                0x00000000       0x3c ..\obj\stm32f0xx_rcc.o
 .text.RCC_APB1PeriphResetCmd
                0x00000000       0x3c ..\obj\stm32f0xx_rcc.o
 .text.RCC_ITConfig
                0x00000000       0x50 ..\obj\stm32f0xx_rcc.o
 .text.RCC_GetFlagStatus
                0x00000000       0x94 ..\obj\stm32f0xx_rcc.o
 .text.RCC_ClearFlag
                0x00000000       0x1c ..\obj\stm32f0xx_rcc.o
 .text.RCC_GetITStatus
                0x00000000       0x44 ..\obj\stm32f0xx_rcc.o
 .text.RCC_ClearITPendingBit
                0x00000000       0x20 ..\obj\stm32f0xx_rcc.o
 .debug_info    0x00000000      0x99a ..\obj\stm32f0xx_rcc.o
 .debug_abbrev  0x00000000      0x1ec ..\obj\stm32f0xx_rcc.o
 .debug_aranges
                0x00000000      0x150 ..\obj\stm32f0xx_rcc.o
 .debug_ranges  0x00000000      0x140 ..\obj\stm32f0xx_rcc.o
 .debug_line    0x00000000      0x525 ..\obj\stm32f0xx_rcc.o
 .debug_str     0x00000000      0x724 ..\obj\stm32f0xx_rcc.o
 .comment       0x00000000       0x71 ..\obj\stm32f0xx_rcc.o
 .debug_frame   0x00000000      0x4e4 ..\obj\stm32f0xx_rcc.o
 .ARM.attributes
                0x00000000       0x31 ..\obj\stm32f0xx_rcc.o
 .text          0x00000000        0x0 ..\obj\gtrax_v0_bsp.o
 .data          0x00000000        0x0 ..\obj\gtrax_v0_bsp.o
 .bss           0x00000000        0x0 ..\obj\gtrax_v0_bsp.o
 .text.gtrax_init_rfm70_interface
                0x00000000       0xc4 ..\obj\gtrax_v0_bsp.o
 .text.gtrax_init_rfm70_spi1
                0x00000000       0x6c ..\obj\gtrax_v0_bsp.o
 .text.gtrax_rfm70_write
                0x00000000       0x84 ..\obj\gtrax_v0_bsp.o
 .text.gtrax_rfm70_read
                0x00000000       0x88 ..\obj\gtrax_v0_bsp.o
 .text.gtrax_rfm70_ce
                0x00000000       0x38 ..\obj\gtrax_v0_bsp.o
 .text.gtrax_rfm70_nss
                0x00000000       0x38 ..\obj\gtrax_v0_bsp.o
 .text.setTxAddr
                0x00000000       0x24 ..\obj\gtrax_v0_bsp.o
 .debug_info    0x00000000      0x63a ..\obj\gtrax_v0_bsp.o
 .debug_abbrev  0x00000000      0x17b ..\obj\gtrax_v0_bsp.o
 .debug_aranges
                0x00000000       0x50 ..\obj\gtrax_v0_bsp.o
 .debug_ranges  0x00000000       0x40 ..\obj\gtrax_v0_bsp.o
 .debug_line    0x00000000      0x2b0 ..\obj\gtrax_v0_bsp.o
 .debug_str     0x00000000      0x5f9 ..\obj\gtrax_v0_bsp.o
 .comment       0x00000000       0x71 ..\obj\gtrax_v0_bsp.o
 .debug_frame   0x00000000       0xf0 ..\obj\gtrax_v0_bsp.o
 .ARM.attributes
                0x00000000       0x31 ..\obj\gtrax_v0_bsp.o
 .text          0x00000000        0x0 ..\obj\main.o
 .data          0x00000000        0x0 ..\obj\main.o
 .bss           0x00000000        0x0 ..\obj\main.o
 .text          0x00000000       0x14 ..\obj\startup_stm32f0xx.o
 .data          0x00000000        0x0 ..\obj\startup_stm32f0xx.o
 .bss           0x00000000        0x0 ..\obj\startup_stm32f0xx.o
 .text          0x00000000        0x0 ..\obj\printf.o
 .bss           0x00000000        0x0 ..\obj\printf.o
 .text.snprintf
                0x00000000       0x34 ..\obj\printf.o
 .text.fprintf  0x00000000       0x34 ..\obj\printf.o
 .text.sprintf  0x00000000       0x34 ..\obj\printf.o
 .text.puts     0x00000000       0x28 ..\obj\printf.o
 .text          0x00000000        0x0 ..\obj\stm32f0xx_spi.o
 .data          0x00000000        0x0 ..\obj\stm32f0xx_spi.o
 .bss           0x00000000        0x0 ..\obj\stm32f0xx_spi.o
 .text.SPI_I2S_DeInit
                0x00000000       0x58 ..\obj\stm32f0xx_spi.o
 .text.SPI_StructInit
                0x00000000       0x48 ..\obj\stm32f0xx_spi.o
 .text.SPI_Init
                0x00000000      0x104 ..\obj\stm32f0xx_spi.o
 .text.I2S_StructInit
                0x00000000       0x34 ..\obj\stm32f0xx_spi.o
 .text.I2S_Init
                0x00000000      0x1c0 ..\obj\stm32f0xx_spi.o
 .text.SPI_Cmd  0x00000000       0x40 ..\obj\stm32f0xx_spi.o
 .text.SPI_TIModeCmd
                0x00000000       0x40 ..\obj\stm32f0xx_spi.o
 .text.I2S_Cmd  0x00000000       0x44 ..\obj\stm32f0xx_spi.o
 .text.SPI_DataSizeConfig
                0x00000000       0x58 ..\obj\stm32f0xx_spi.o
 .text.SPI_RxFIFOThresholdConfig
                0x00000000       0x3c ..\obj\stm32f0xx_spi.o
 .text.SPI_BiDirectionalLineConfig
                0x00000000       0x48 ..\obj\stm32f0xx_spi.o
 .text.SPI_NSSInternalSoftwareConfig
                0x00000000       0x4c ..\obj\stm32f0xx_spi.o
 .text.SPI_SSOutputCmd
                0x00000000       0x40 ..\obj\stm32f0xx_spi.o
 .text.SPI_NSSPulseModeCmd
                0x00000000       0x40 ..\obj\stm32f0xx_spi.o
 .text.SPI_SendData8
                0x00000000       0x2c ..\obj\stm32f0xx_spi.o
 .text.SPI_I2S_SendData16
                0x00000000       0x1c ..\obj\stm32f0xx_spi.o
 .text.SPI_ReceiveData8
                0x00000000       0x24 ..\obj\stm32f0xx_spi.o
 .text.SPI_I2S_ReceiveData16
                0x00000000       0x18 ..\obj\stm32f0xx_spi.o
 .text.SPI_CRCLengthConfig
                0x00000000       0x3c ..\obj\stm32f0xx_spi.o
 .text.SPI_CalculateCRC
                0x00000000       0x44 ..\obj\stm32f0xx_spi.o
 .text.SPI_TransmitCRC
                0x00000000       0x20 ..\obj\stm32f0xx_spi.o
 .text.SPI_GetCRC
                0x00000000       0x44 ..\obj\stm32f0xx_spi.o
 .text.SPI_GetCRCPolynomial
                0x00000000       0x18 ..\obj\stm32f0xx_spi.o
 .text.SPI_I2S_DMACmd
                0x00000000       0x50 ..\obj\stm32f0xx_spi.o
 .text.SPI_LastDMATransferCmd
                0x00000000       0x3c ..\obj\stm32f0xx_spi.o
 .text.SPI_I2S_ITConfig
                0x00000000       0x84 ..\obj\stm32f0xx_spi.o
 .text.SPI_GetTransmissionFIFOStatus
                0x00000000       0x20 ..\obj\stm32f0xx_spi.o
 .text.SPI_GetReceptionFIFOStatus
                0x00000000       0x20 ..\obj\stm32f0xx_spi.o
 .text.SPI_I2S_GetFlagStatus
                0x00000000       0x48 ..\obj\stm32f0xx_spi.o
 .text.SPI_I2S_ClearFlag
                0x00000000       0x20 ..\obj\stm32f0xx_spi.o
 .text.SPI_I2S_GetITStatus
                0x00000000       0xb0 ..\obj\stm32f0xx_spi.o
 .debug_info    0x00000000      0xa8d ..\obj\stm32f0xx_spi.o
 .debug_abbrev  0x00000000      0x1a1 ..\obj\stm32f0xx_spi.o
 .debug_aranges
                0x00000000      0x110 ..\obj\stm32f0xx_spi.o
 .debug_ranges  0x00000000      0x100 ..\obj\stm32f0xx_spi.o
 .debug_line    0x00000000      0x495 ..\obj\stm32f0xx_spi.o
 .debug_str     0x00000000      0x6fd ..\obj\stm32f0xx_spi.o
 .comment       0x00000000       0x71 ..\obj\stm32f0xx_spi.o
 .debug_frame   0x00000000      0x3f0 ..\obj\stm32f0xx_spi.o
 .ARM.attributes
                0x00000000       0x31 ..\obj\stm32f0xx_spi.o
 .text          0x00000000        0x0 ..\obj\system_stm32f0xx_temp.o
 .bss           0x00000000        0x0 ..\obj\system_stm32f0xx_temp.o
 .text.SystemCoreClockUpdate1
                0x00000000       0xd4 ..\obj\system_stm32f0xx_temp.o
 .text          0x00000000        0x0 ..\obj\gtrax_rfm70.o
 .data          0x00000000        0x0 ..\obj\gtrax_rfm70.o
 .bss           0x00000000        0x0 ..\obj\gtrax_rfm70.o
 .rodata        0x00000000       0x6c ..\obj\gtrax_rfm70.o
 .text.RFM70_Read_Reg
                0x00000000       0x3c ..\obj\gtrax_rfm70.o
 .text.RFM70_Read_Buf
                0x00000000       0x60 ..\obj\gtrax_rfm70.o
 .text.RFM70_Activate
                0x00000000       0x48 ..\obj\gtrax_rfm70.o
 .text.RFM70_Write_Reg
                0x00000000       0x5c ..\obj\gtrax_rfm70.o
 .text.RFM70_Write_Buf
                0x00000000       0x60 ..\obj\gtrax_rfm70.o
 .text.RFM70_Command
                0x00000000       0x2c ..\obj\gtrax_rfm70.o
 .text.RFM70_Initialize
                0x00000000       0x34 ..\obj\gtrax_rfm70.o
 .text.SetPower
                0x00000000       0x64 ..\obj\gtrax_rfm70.o
 .text.Init_Bank0
                0x00000000       0xa0 ..\obj\gtrax_rfm70.o
 .text.Init_Bank1
                0x00000000       0xb4 ..\obj\gtrax_rfm70.o
 .text.SwitchCFG
                0x00000000       0x60 ..\obj\gtrax_rfm70.o
 .text.RFM70_SwitchToRxMode
                0x00000000       0x60 ..\obj\gtrax_rfm70.o
 .text.RFM70_SwitchToTxMode
                0x00000000       0x48 ..\obj\gtrax_rfm70.o
 .debug_info    0x00000000      0x5c6 ..\obj\gtrax_rfm70.o
 .debug_abbrev  0x00000000      0x11a ..\obj\gtrax_rfm70.o
 .debug_aranges
                0x00000000       0x80 ..\obj\gtrax_rfm70.o
 .debug_ranges  0x00000000       0x70 ..\obj\gtrax_rfm70.o
 .debug_line    0x00000000      0x28e ..\obj\gtrax_rfm70.o
 .debug_str     0x00000000      0x51b ..\obj\gtrax_rfm70.o
 .comment       0x00000000       0x71 ..\obj\gtrax_rfm70.o
 .debug_frame   0x00000000      0x1a8 ..\obj\gtrax_rfm70.o
 .ARM.attributes
                0x00000000       0x31 ..\obj\gtrax_rfm70.o
 .text          0x00000000        0x0 ..\obj\stm32f0xx_gpio.o
 .data          0x00000000        0x0 ..\obj\stm32f0xx_gpio.o
 .bss           0x00000000        0x0 ..\obj\stm32f0xx_gpio.o
 .text.GPIO_DeInit
                0x00000000       0xc8 ..\obj\stm32f0xx_gpio.o
 .text.GPIO_Init
                0x00000000      0x124 ..\obj\stm32f0xx_gpio.o
 .text.GPIO_StructInit
                0x00000000       0x30 ..\obj\stm32f0xx_gpio.o
 .text.GPIO_PinLockConfig
                0x00000000       0x44 ..\obj\stm32f0xx_gpio.o
 .text.GPIO_ReadInputDataBit
                0x00000000       0x48 ..\obj\stm32f0xx_gpio.o
 .text.GPIO_ReadInputData
                0x00000000       0x18 ..\obj\stm32f0xx_gpio.o
 .text.GPIO_ReadOutputDataBit
                0x00000000       0x48 ..\obj\stm32f0xx_gpio.o
 .text.GPIO_ReadOutputData
                0x00000000       0x18 ..\obj\stm32f0xx_gpio.o
 .text.GPIO_SetBits
                0x00000000       0x1c ..\obj\stm32f0xx_gpio.o
 .text.GPIO_ResetBits
                0x00000000       0x1c ..\obj\stm32f0xx_gpio.o
 .text.GPIO_WriteBit
                0x00000000       0x38 ..\obj\stm32f0xx_gpio.o
 .text.GPIO_Write
                0x00000000       0x1c ..\obj\stm32f0xx_gpio.o
 .text.GPIO_PinAFConfig
                0x00000000       0xa0 ..\obj\stm32f0xx_gpio.o
 .debug_info    0x00000000      0x5cf ..\obj\stm32f0xx_gpio.o
 .debug_abbrev  0x00000000      0x19b ..\obj\stm32f0xx_gpio.o
 .debug_aranges
                0x00000000       0x80 ..\obj\stm32f0xx_gpio.o
 .debug_ranges  0x00000000       0x70 ..\obj\stm32f0xx_gpio.o
 .debug_line    0x00000000      0x2fd ..\obj\stm32f0xx_gpio.o
 .debug_str     0x00000000      0x48b ..\obj\stm32f0xx_gpio.o
 .comment       0x00000000       0x71 ..\obj\stm32f0xx_gpio.o
 .debug_frame   0x00000000      0x1b0 ..\obj\stm32f0xx_gpio.o
 .ARM.attributes
                0x00000000       0x31 ..\obj\stm32f0xx_gpio.o
 .data          0x00000000        0x0 ..\obj\sh_cmd.o
 .bss           0x00000000        0x0 ..\obj\sh_cmd.o
 .text          0x00000000        0x0 ..\obj\syscalls.o
 .data          0x00000000        0x0 ..\obj\syscalls.o
 .bss           0x00000000        0x4 ..\obj\syscalls.o
 .text._sbrk    0x00000000       0x3c ..\obj\syscalls.o
 .text.link     0x00000000       0x18 ..\obj\syscalls.o
 .text._close   0x00000000       0x14 ..\obj\syscalls.o
 .text._fstat   0x00000000       0x1c ..\obj\syscalls.o
 .text._isatty  0x00000000       0x14 ..\obj\syscalls.o
 .text._lseek   0x00000000       0x18 ..\obj\syscalls.o
 .text._read    0x00000000       0x18 ..\obj\syscalls.o
 .text._write   0x00000000       0x18 ..\obj\syscalls.o
 .text.abort    0x00000000        0x8 ..\obj\syscalls.o
 .debug_info    0x00000000      0x3ee ..\obj\syscalls.o
 .debug_abbrev  0x00000000       0xe2 ..\obj\syscalls.o
 .debug_aranges
                0x00000000       0x60 ..\obj\syscalls.o
 .debug_ranges  0x00000000       0x50 ..\obj\syscalls.o
 .debug_line    0x00000000      0x177 ..\obj\syscalls.o
 .debug_str     0x00000000      0x2e4 ..\obj\syscalls.o
 .comment       0x00000000       0x71 ..\obj\syscalls.o
 .debug_frame   0x00000000      0x12c ..\obj\syscalls.o
 .ARM.attributes
                0x00000000       0x31 ..\obj\syscalls.o
 .text          0x00000000        0x0 ..\obj\stm32f0xx_tim.o
 .data          0x00000000        0x0 ..\obj\stm32f0xx_tim.o
 .bss           0x00000000        0x0 ..\obj\stm32f0xx_tim.o
 .text.TIM_DeInit
                0x00000000      0x124 ..\obj\stm32f0xx_tim.o
 .text.TIM_TimeBaseInit
                0x00000000       0xf0 ..\obj\stm32f0xx_tim.o
 .text.TIM_TimeBaseStructInit
                0x00000000       0x30 ..\obj\stm32f0xx_tim.o
 .text.TIM_PrescalerConfig
                0x00000000       0x30 ..\obj\stm32f0xx_tim.o
 .text.TIM_CounterModeConfig
                0x00000000       0x54 ..\obj\stm32f0xx_tim.o
 .text.TIM_SetCounter
                0x00000000       0x18 ..\obj\stm32f0xx_tim.o
 .text.TIM_SetAutoreload
                0x00000000       0x18 ..\obj\stm32f0xx_tim.o
 .text.TIM_GetCounter
                0x00000000       0x14 ..\obj\stm32f0xx_tim.o
 .text.TIM_GetPrescaler
                0x00000000       0x18 ..\obj\stm32f0xx_tim.o
 .text.TIM_UpdateDisableConfig
                0x00000000       0x40 ..\obj\stm32f0xx_tim.o
 .text.TIM_UpdateRequestConfig
                0x00000000       0x40 ..\obj\stm32f0xx_tim.o
 .text.TIM_ARRPreloadConfig
                0x00000000       0x40 ..\obj\stm32f0xx_tim.o
 .text.TIM_SelectOnePulseMode
                0x00000000       0x38 ..\obj\stm32f0xx_tim.o
 .text.TIM_SetClockDivision
                0x00000000       0x3c ..\obj\stm32f0xx_tim.o
 .text.TIM_Cmd  0x00000000       0x40 ..\obj\stm32f0xx_tim.o
 .text.TIM_BDTRConfig
                0x00000000       0x4c ..\obj\stm32f0xx_tim.o
 .text.TIM_BDTRStructInit
                0x00000000       0x38 ..\obj\stm32f0xx_tim.o
 .text.TIM_CtrlPWMOutputs
                0x00000000       0x4c ..\obj\stm32f0xx_tim.o
 .text.TIM_OC1Init
                0x00000000      0x1a4 ..\obj\stm32f0xx_tim.o
 .text.TIM_OC2Init
                0x00000000      0x1b8 ..\obj\stm32f0xx_tim.o
 .text.TIM_OC3Init
                0x00000000      0x1a8 ..\obj\stm32f0xx_tim.o
 .text.TIM_OC4Init
                0x00000000      0x134 ..\obj\stm32f0xx_tim.o
 .text.TIM_OCStructInit
                0x00000000       0x40 ..\obj\stm32f0xx_tim.o
 .text.TIM_SelectOCxM
                0x00000000       0xcc ..\obj\stm32f0xx_tim.o
 .text.TIM_SetCompare1
                0x00000000       0x18 ..\obj\stm32f0xx_tim.o
 .text.TIM_SetCompare2
                0x00000000       0x18 ..\obj\stm32f0xx_tim.o
 .text.TIM_SetCompare3
                0x00000000       0x18 ..\obj\stm32f0xx_tim.o
 .text.TIM_SetCompare4
                0x00000000       0x18 ..\obj\stm32f0xx_tim.o
 .text.TIM_ForcedOC1Config
                0x00000000       0x54 ..\obj\stm32f0xx_tim.o
 .text.TIM_ForcedOC2Config
                0x00000000       0x5c ..\obj\stm32f0xx_tim.o
 .text.TIM_ForcedOC3Config
                0x00000000       0x54 ..\obj\stm32f0xx_tim.o
 .text.TIM_ForcedOC4Config
                0x00000000       0x5c ..\obj\stm32f0xx_tim.o
 .text.TIM_CCPreloadControl
                0x00000000       0x40 ..\obj\stm32f0xx_tim.o
 .text.TIM_OC1PreloadConfig
                0x00000000       0x54 ..\obj\stm32f0xx_tim.o
 .text.TIM_OC2PreloadConfig
                0x00000000       0x5c ..\obj\stm32f0xx_tim.o
 .text.TIM_OC3PreloadConfig
                0x00000000       0x54 ..\obj\stm32f0xx_tim.o
 .text.TIM_OC4PreloadConfig
                0x00000000       0x5c ..\obj\stm32f0xx_tim.o
 .text.TIM_OC1FastConfig
                0x00000000       0x54 ..\obj\stm32f0xx_tim.o
 .text.TIM_OC2FastConfig
                0x00000000       0x5c ..\obj\stm32f0xx_tim.o
 .text.TIM_OC3FastConfig
                0x00000000       0x54 ..\obj\stm32f0xx_tim.o
 .text.TIM_OC4FastConfig
                0x00000000       0x5c ..\obj\stm32f0xx_tim.o
 .text.TIM_ClearOC1Ref
                0x00000000       0x54 ..\obj\stm32f0xx_tim.o
 .text.TIM_ClearOC2Ref
                0x00000000       0x58 ..\obj\stm32f0xx_tim.o
 .text.TIM_ClearOC3Ref
                0x00000000       0x54 ..\obj\stm32f0xx_tim.o
 .text.TIM_ClearOC4Ref
                0x00000000       0x58 ..\obj\stm32f0xx_tim.o
 .text.TIM_OC1PolarityConfig
                0x00000000       0x54 ..\obj\stm32f0xx_tim.o
 .text.TIM_OC1NPolarityConfig
                0x00000000       0x54 ..\obj\stm32f0xx_tim.o
 .text.TIM_OC2PolarityConfig
                0x00000000       0x58 ..\obj\stm32f0xx_tim.o
 .text.TIM_OC2NPolarityConfig
                0x00000000       0x58 ..\obj\stm32f0xx_tim.o
 .text.TIM_OC3PolarityConfig
                0x00000000       0x5c ..\obj\stm32f0xx_tim.o
 .text.TIM_OC3NPolarityConfig
                0x00000000       0x5c ..\obj\stm32f0xx_tim.o
 .text.TIM_OC4PolarityConfig
                0x00000000       0x5c ..\obj\stm32f0xx_tim.o
 .text.TIM_SelectOCREFClear
                0x00000000       0x38 ..\obj\stm32f0xx_tim.o
 .text.TIM_CCxCmd
                0x00000000       0x68 ..\obj\stm32f0xx_tim.o
 .text.TIM_CCxNCmd
                0x00000000       0x68 ..\obj\stm32f0xx_tim.o
 .text.TIM_SelectCOM
                0x00000000       0x40 ..\obj\stm32f0xx_tim.o
 .text.TIM_ICInit
                0x00000000       0xb0 ..\obj\stm32f0xx_tim.o
 .text.TIM_ICStructInit
                0x00000000       0x2c ..\obj\stm32f0xx_tim.o
 .text.TIM_PWMIConfig
                0x00000000       0xf8 ..\obj\stm32f0xx_tim.o
 .text.TIM_GetCapture1
                0x00000000       0x14 ..\obj\stm32f0xx_tim.o
 .text.TIM_GetCapture2
                0x00000000       0x14 ..\obj\stm32f0xx_tim.o
 .text.TIM_GetCapture3
                0x00000000       0x14 ..\obj\stm32f0xx_tim.o
 .text.TIM_GetCapture4
                0x00000000       0x14 ..\obj\stm32f0xx_tim.o
 .text.TIM_SetIC1Prescaler
                0x00000000       0x38 ..\obj\stm32f0xx_tim.o
 .text.TIM_SetIC2Prescaler
                0x00000000       0x40 ..\obj\stm32f0xx_tim.o
 .text.TIM_SetIC3Prescaler
                0x00000000       0x38 ..\obj\stm32f0xx_tim.o
 .text.TIM_SetIC4Prescaler
                0x00000000       0x40 ..\obj\stm32f0xx_tim.o
 .text.TIM_ITConfig
                0x00000000       0x50 ..\obj\stm32f0xx_tim.o
 .text.TIM_GenerateEvent
                0x00000000       0x1c ..\obj\stm32f0xx_tim.o
 .text.TIM_GetFlagStatus
                0x00000000       0x48 ..\obj\stm32f0xx_tim.o
 .text.TIM_ClearFlag
                0x00000000       0x20 ..\obj\stm32f0xx_tim.o
 .text.TIM_GetITStatus
                0x00000000       0x80 ..\obj\stm32f0xx_tim.o
 .text.TIM_ClearITPendingBit
                0x00000000       0x20 ..\obj\stm32f0xx_tim.o
 .text.TIM_DMAConfig
                0x00000000       0x30 ..\obj\stm32f0xx_tim.o
 .text.TIM_DMACmd
                0x00000000       0x50 ..\obj\stm32f0xx_tim.o
 .text.TIM_SelectCCDMA
                0x00000000       0x40 ..\obj\stm32f0xx_tim.o
 .text.TIM_InternalClockConfig
                0x00000000       0x20 ..\obj\stm32f0xx_tim.o
 .text.TIM_ITRxExternalClockConfig
                0x00000000       0x34 ..\obj\stm32f0xx_tim.o
 .text.TIM_TIxExternalClockConfig
                0x00000000       0x84 ..\obj\stm32f0xx_tim.o
 .text.TIM_ETRClockMode1Config
                0x00000000       0x9c ..\obj\stm32f0xx_tim.o
 .text.TIM_ETRClockMode2Config
                0x00000000       0x54 ..\obj\stm32f0xx_tim.o
 .text.TIM_SelectInputTrigger
                0x00000000       0x54 ..\obj\stm32f0xx_tim.o
 .text.TIM_SelectOutputTrigger
                0x00000000       0x38 ..\obj\stm32f0xx_tim.o
 .text.TIM_SelectSlaveMode
                0x00000000       0x38 ..\obj\stm32f0xx_tim.o
 .text.TIM_SelectMasterSlaveMode
                0x00000000       0x38 ..\obj\stm32f0xx_tim.o
 .text.TIM_ETRConfig
                0x00000000       0x80 ..\obj\stm32f0xx_tim.o
 .text.TIM_EncoderInterfaceConfig
                0x00000000       0xf8 ..\obj\stm32f0xx_tim.o
 .text.TIM_SelectHallSensor
                0x00000000       0x40 ..\obj\stm32f0xx_tim.o
 .text.TIM_RemapConfig
                0x00000000       0x20 ..\obj\stm32f0xx_tim.o
 .text.TI1_Config
                0x00000000       0xcc ..\obj\stm32f0xx_tim.o
 .text.TI2_Config
                0x00000000       0xf4 ..\obj\stm32f0xx_tim.o
 .text.TI3_Config
                0x00000000       0xec ..\obj\stm32f0xx_tim.o
 .text.TI4_Config
                0x00000000      0x100 ..\obj\stm32f0xx_tim.o
 .debug_info    0x00000000     0x1c67 ..\obj\stm32f0xx_tim.o
 .debug_abbrev  0x00000000      0x1b5 ..\obj\stm32f0xx_tim.o
 .debug_aranges
                0x00000000      0x300 ..\obj\stm32f0xx_tim.o
 .debug_ranges  0x00000000      0x2f0 ..\obj\stm32f0xx_tim.o
 .debug_line    0x00000000      0xa40 ..\obj\stm32f0xx_tim.o
 .debug_str     0x00000000      0xddd ..\obj\stm32f0xx_tim.o
 .comment       0x00000000       0x71 ..\obj\stm32f0xx_tim.o
 .debug_frame   0x00000000      0xbb0 ..\obj\stm32f0xx_tim.o
 .ARM.attributes
                0x00000000       0x31 ..\obj\stm32f0xx_tim.o
 .text          0x00000000        0x0 ..\obj\stm32f0xx_exti.o
 .data          0x00000000        0x0 ..\obj\stm32f0xx_exti.o
 .bss           0x00000000        0x0 ..\obj\stm32f0xx_exti.o
 .text.EXTI_DeInit
                0x00000000       0x34 ..\obj\stm32f0xx_exti.o
 .text.EXTI_Init
                0x00000000       0xe0 ..\obj\stm32f0xx_exti.o
 .text.EXTI_StructInit
                0x00000000       0x28 ..\obj\stm32f0xx_exti.o
 .text.EXTI_GenerateSWInterrupt
                0x00000000       0x20 ..\obj\stm32f0xx_exti.o
 .text.EXTI_GetFlagStatus
                0x00000000       0x40 ..\obj\stm32f0xx_exti.o
 .text.EXTI_ClearFlag
                0x00000000       0x18 ..\obj\stm32f0xx_exti.o
 .text.EXTI_GetITStatus
                0x00000000       0x40 ..\obj\stm32f0xx_exti.o
 .text.EXTI_ClearITPendingBit
                0x00000000       0x18 ..\obj\stm32f0xx_exti.o
 .debug_info    0x00000000      0x30d ..\obj\stm32f0xx_exti.o
 .debug_abbrev  0x00000000      0x192 ..\obj\stm32f0xx_exti.o
 .debug_aranges
                0x00000000       0x58 ..\obj\stm32f0xx_exti.o
 .debug_ranges  0x00000000       0x48 ..\obj\stm32f0xx_exti.o
 .debug_line    0x00000000      0x274 ..\obj\stm32f0xx_exti.o
 .debug_str     0x00000000      0x32e ..\obj\stm32f0xx_exti.o
 .comment       0x00000000       0x71 ..\obj\stm32f0xx_exti.o
 .debug_frame   0x00000000      0x10c ..\obj\stm32f0xx_exti.o
 .ARM.attributes
                0x00000000       0x31 ..\obj\stm32f0xx_exti.o
 .data          0x00000000        0x0 c:/program files (x86)/gnu tools arm embedded/4.9 2014q4/bin/../lib/gcc/arm-none-eabi/4.9.3/armv6-m\libgcc.a(_udivsi3.o)
 .bss           0x00000000        0x0 c:/program files (x86)/gnu tools arm embedded/4.9 2014q4/bin/../lib/gcc/arm-none-eabi/4.9.3/armv6-m\libgcc.a(_udivsi3.o)
 .data          0x00000000        0x0 c:/program files (x86)/gnu tools arm embedded/4.9 2014q4/bin/../lib/gcc/arm-none-eabi/4.9.3/armv6-m\libgcc.a(_dvmd_tls.o)
 .bss           0x00000000        0x0 c:/program files (x86)/gnu tools arm embedded/4.9 2014q4/bin/../lib/gcc/arm-none-eabi/4.9.3/armv6-m\libgcc.a(_dvmd_tls.o)

Memory Configuration

Name             Origin             Length             Attributes
rom              0x08000000         0x00010000         xr
ram              0x20000000         0x00002000         xrw
*default*        0x00000000         0xffffffff

Linker script and memory map

                0x20002000                _eram = 0x20002000

.text           0x08000000      0xdd0
 *(.isr_vector)
 .isr_vector    0x08000000       0xc4 ..\obj\startup_stm32f0xx.o
                0x08000000                g_pfnVectors
 *(.text*)
 .text.SH_SendChar
                0x080000c4       0x68 ..\obj\semihosting.o
                0x080000c4                SH_SendChar
 .text.NVIC_SetPriority
                0x0800012c       0xd4 ..\obj\delay.o
 .text.SysTick_Config
                0x08000200       0x4c ..\obj\delay.o
 .text.SysTick_Init
                0x0800024c       0x2c ..\obj\delay.o
                0x0800024c                SysTick_Init
 .text.TimeTick_Decrement
                0x08000278       0x20 ..\obj\delay.o
                0x08000278                TimeTick_Decrement
 .text.delay_1ms
                0x08000298       0x20 ..\obj\delay.o
                0x08000298                delay_1ms
 .text.delay_nms
                0x080002b8       0x20 ..\obj\delay.o
                0x080002b8                delay_nms
 .text.main     0x080002d8       0x2c ..\obj\main.o
                0x080002d8                main
 .text.SysTick_Handler
                0x08000304       0x18 ..\obj\main.o
                0x08000304                SysTick_Handler
 .text.Reset_Handler
                0x0800031c       0x4c ..\obj\startup_stm32f0xx.o
                0x0800031c                Reset_Handler
 .text.Default_Handler
                0x08000368        0x2 ..\obj\startup_stm32f0xx.o
                0x08000368                TIM1_CC_IRQHandler
                0x08000368                ADC1_COMP_IRQHandler
                0x08000368                PVD_IRQHandler
                0x08000368                PendSV_Handler
                0x08000368                NMI_Handler
                0x08000368                I2C1_IRQHandler
                0x08000368                SPI1_IRQHandler
                0x08000368                TIM6_DAC_IRQHandler
                0x08000368                EXTI2_3_IRQHandler
                0x08000368                I2C2_IRQHandler
                0x08000368                TIM17_IRQHandler
                0x08000368                RTC_IRQHandler
                0x08000368                TIM16_IRQHandler
                0x08000368                TIM3_IRQHandler
                0x08000368                EXTI4_15_IRQHandler
                0x08000368                RCC_IRQHandler
                0x08000368                DMA1_Channel1_IRQHandler
                0x08000368                Default_Handler
                0x08000368                CEC_IRQHandler
                0x08000368                TIM14_IRQHandler
                0x08000368                DMA1_Channel4_5_IRQHandler
                0x08000368                TIM15_IRQHandler
                0x08000368                EXTI0_1_IRQHandler
                0x08000368                SPI2_IRQHandler
                0x08000368                SVC_Handler
                0x08000368                TS_IRQHandler
                0x08000368                WWDG_IRQHandler
                0x08000368                TIM2_IRQHandler
                0x08000368                DMA1_Channel2_3_IRQHandler
                0x08000368                USART2_IRQHandler
                0x08000368                FLASH_IRQHandler
                0x08000368                USART1_IRQHandler
                0x08000368                TIM1_BRK_UP_TRG_COM_IRQHandler
 *fill*         0x0800036a        0x2 
 .text.PrintChar
                0x0800036c       0x1c ..\obj\printf.o
                0x0800036c                PrintChar
 .text.PutChar  0x08000388       0x20 ..\obj\printf.o
                0x08000388                PutChar
 .text.PutString
                0x080003a8       0x38 ..\obj\printf.o
                0x080003a8                PutString
 .text.PutUnsignedInt
                0x080003e0       0xb0 ..\obj\printf.o
                0x080003e0                PutUnsignedInt
 .text.PutSignedInt
                0x08000490      0x11c ..\obj\printf.o
                0x08000490                PutSignedInt
 .text.PutHexa  0x080005ac       0xf8 ..\obj\printf.o
                0x080005ac                PutHexa
 .text.vsnprintf
                0x080006a4      0x234 ..\obj\printf.o
                0x080006a4                vsnprintf
 .text.vsprintf
                0x080008d8       0x24 ..\obj\printf.o
                0x080008d8                vsprintf
 .text.vfprintf
                0x080008fc       0x6c ..\obj\printf.o
                0x080008fc                vfprintf
 .text.vprintf  0x08000968       0x2c ..\obj\printf.o
                0x08000968                vprintf
 .text.printf   0x08000994       0x30 ..\obj\printf.o
                0x08000994                printf
 .text.fputc    0x080009c4       0x40 ..\obj\printf.o
                0x080009c4                fputc
 .text.fputs    0x08000a04       0x4c ..\obj\printf.o
                0x08000a04                fputs
 .text.SystemInit1
                0x08000a50       0x8c ..\obj\system_stm32f0xx_temp.o
                0x08000a50                SystemInit
                0x08000a50                SystemInit1
 .text.SetSysClock1
                0x08000adc       0xe0 ..\obj\system_stm32f0xx_temp.o
                0x08000adc                SetSysClock
 .text          0x08000bbc       0x28 ..\obj\sh_cmd.o
                0x08000bbc                SH_DoCommand
                0x08000bce                HardFault_Handler
 .text          0x08000be4      0x120 c:/program files (x86)/gnu tools arm embedded/4.9 2014q4/bin/../lib/gcc/arm-none-eabi/4.9.3/armv6-m\libgcc.a(_udivsi3.o)
                0x08000be4                __aeabi_uidiv
                0x08000be4                __udivsi3
                0x08000cf0                __aeabi_uidivmod
 .text          0x08000d04        0x4 c:/program files (x86)/gnu tools arm embedded/4.9 2014q4/bin/../lib/gcc/arm-none-eabi/4.9.3/armv6-m\libgcc.a(_dvmd_tls.o)
                0x08000d04                __aeabi_idiv0
                0x08000d04                __aeabi_ldiv0
 *(.init)
 *(.fini)
 *crtbegin.o(.ctors)
 *crtbegin?.o(.ctors)
 *(EXCLUDE_FILE(*crtend.o *crtend?.o) .ctors)
 *(SORT(.ctors.*))
 *(.ctors)
 *crtbegin.o(.dtors)
 *crtbegin?.o(.dtors)
 *(EXCLUDE_FILE(*crtend.o *crtend?.o) .dtors)
 *(SORT(.dtors.*))
 *(.dtors)
 *(.rodata*)
 .rodata        0x08000d08       0x20 ..\obj\main.o
 .rodata        0x08000d28       0xa8 ..\obj\printf.o
 *(.eh_fram e*)

.glue_7         0x08000dd0        0x0
 .glue_7        0x00000000        0x0 linker stubs

.glue_7t        0x08000dd0        0x0
 .glue_7t       0x00000000        0x0 linker stubs

.vfp11_veneer   0x08000dd0        0x0
 .vfp11_veneer  0x00000000        0x0 linker stubs

.v4_bx          0x08000dd0        0x0
 .v4_bx         0x00000000        0x0 linker stubs

.iplt           0x08000dd0        0x0
 .iplt          0x00000000        0x0 ..\obj\semihosting.o

.rel.dyn        0x08000dd0        0x0
 .rel.iplt      0x00000000        0x0 ..\obj\semihosting.o

.ARM.extab
 *(.ARM.extab* .gnu.linkonce.armextab.*)
                0x08000dd0                __exidx_start = .

.ARM.exidx
 *(.ARM.exidx* .gnu.linkonce.armexidx.*)
                0x08000dd0                __exidx_end = .
                0x08000dd0                __etext = .
                0x08000dd0                _sidata = __etext

.data           0x20000000      0x444 load address 0x08000dd0
                0x20000000                __data_start__ = .
                0x20000000                _sdata = __data_start__
 *(vtable)
 *(.data*)
 .data          0x20000000      0x430 ..\obj\printf.o
                0x20000000                r
                0x20000428                _impure_ptr
 .data          0x20000430       0x14 ..\obj\system_stm32f0xx_temp.o
                0x20000430                SystemCoreClock
                0x20000434                AHBPrescTable
                0x20000444                . = ALIGN (0x4)
                0x20000444                PROVIDE (__preinit_array_start, .)
 *(.preinit_array)
                0x20000444                PROVIDE (__preinit_array_end, .)
                0x20000444                . = ALIGN (0x4)
                0x20000444                PROVIDE (__init_array_start, .)
 *(SORT(.init_array.*))
 *(.init_array)
                0x20000444                PROVIDE (__init_array_end, .)
                0x20000444                . = ALIGN (0x4)
                0x20000444                PROVIDE (__fini_array_start, .)
 *(SORT(.fini_array.*))
 *(.fini_array)
                0x20000444                PROVIDE (__fini_array_end, .)
 *(.jcr*)
                0x20000444                . = ALIGN (0x4)
                0x20000444                __data_end__ = .
                0x20000444                _edata = __data_end__

.igot.plt       0x20000444        0x0 load address 0x08001214
 .igot.plt      0x00000000        0x0 ..\obj\semihosting.o

.bss            0x20000444       0x18 load address 0x08001214
                0x20000444                . = ALIGN (0x4)
                0x20000444                __bss_start__ = .
                0x20000444                _sbss = __bss_start__
 *(.bss*)
 .bss           0x20000444       0x14 ..\obj\semihosting.o
 .bss           0x20000458        0x4 ..\obj\delay.o
 *(COMMON)
                0x2000045c                . = ALIGN (0x4)
                0x2000045c                __bss_end__ = .
                0x2000045c                _ebss = __bss_end__

.heap           0x2000045c        0x0
                0x2000045c                __end__ = .
                0x2000045c                _end = __end__
                0x2000045c                end = __end__
 *(.heap*)
                0x2000045c                __HeapLimit = .

.co_stack       0x2000045c        0x4 load address 0x0800122c
                0x20000460                . = ALIGN (0x8)
 *fill*         0x2000045c        0x4 
 *(.co_stack .co_stack.*)
                0x20002000                __StackTop = (ORIGIN (ram) + 0x2000)
                0x20001ffc                __StackLimit = (__StackTop - SIZEOF (.co_stack))
                0x20002000                PROVIDE (__stack, __StackTop)
                0x00000001                ASSERT ((__StackLimit >= __HeapLimit), region ram  overflowed with stack)
LOAD ..\obj\semihosting.o
LOAD ..\obj\delay.o
LOAD ..\obj\stm32f0xx_rcc.o
LOAD ..\obj\gtrax_v0_bsp.o
LOAD ..\obj\main.o
LOAD ..\obj\startup_stm32f0xx.o
LOAD ..\obj\printf.o
LOAD ..\obj\stm32f0xx_spi.o
LOAD ..\obj\system_stm32f0xx_temp.o
LOAD ..\obj\gtrax_rfm70.o
LOAD ..\obj\stm32f0xx_gpio.o
LOAD ..\obj\sh_cmd.o
LOAD ..\obj\syscalls.o
LOAD ..\obj\stm32f0xx_tim.o
LOAD ..\obj\stm32f0xx_exti.o
START GROUP
LOAD c:/program files (x86)/gnu tools arm embedded/4.9 2014q4/bin/../lib/gcc/arm-none-eabi/4.9.3/armv6-m\libgcc.a
LOAD c:/program files (x86)/gnu tools arm embedded/4.9 2014q4/bin/../lib/gcc/arm-none-eabi/4.9.3/../../../../arm-none-eabi/lib/armv6-m\libg.a
LOAD c:/program files (x86)/gnu tools arm embedded/4.9 2014q4/bin/../lib/gcc/arm-none-eabi/4.9.3/../../../../arm-none-eabi/lib/armv6-m\libc.a
END GROUP
OUTPUT(SchMatrixRecevier.elf elf32-littlearm)

.debug_info     0x00000000     0x18a8
 .debug_info    0x00000000      0x12b ..\obj\semihosting.o
 .debug_info    0x0000012b      0x446 ..\obj\delay.o
 .debug_info    0x00000571       0xa0 ..\obj\main.o
 .debug_info    0x00000611       0xbf ..\obj\startup_stm32f0xx.o
 .debug_info    0x000006d0      0xe38 ..\obj\printf.o
 .debug_info    0x00001508      0x2ef ..\obj\system_stm32f0xx_temp.o
 .debug_info    0x000017f7       0xb1 ..\obj\sh_cmd.o

.debug_abbrev   0x00000000      0x683
 .debug_abbrev  0x00000000       0xab ..\obj\semihosting.o
 .debug_abbrev  0x000000ab      0x1a4 ..\obj\delay.o
 .debug_abbrev  0x0000024f       0x5c ..\obj\main.o
 .debug_abbrev  0x000002ab       0x12 ..\obj\startup_stm32f0xx.o
 .debug_abbrev  0x000002bd      0x27e ..\obj\printf.o
 .debug_abbrev  0x0000053b      0x134 ..\obj\system_stm32f0xx_temp.o
 .debug_abbrev  0x0000066f       0x14 ..\obj\sh_cmd.o

.debug_aranges  0x00000000      0x1c0
 .debug_aranges
                0x00000000       0x30 ..\obj\semihosting.o
 .debug_aranges
                0x00000030       0x50 ..\obj\delay.o
 .debug_aranges
                0x00000080       0x28 ..\obj\main.o
 .debug_aranges
                0x000000a8       0x28 ..\obj\startup_stm32f0xx.o
 .debug_aranges
                0x000000d0       0xa0 ..\obj\printf.o
 .debug_aranges
                0x00000170       0x30 ..\obj\system_stm32f0xx_temp.o
 .debug_aranges
                0x000001a0       0x20 ..\obj\sh_cmd.o

.debug_ranges   0x00000000      0x148
 .debug_ranges  0x00000000       0x20 ..\obj\semihosting.o
 .debug_ranges  0x00000020       0x40 ..\obj\delay.o
 .debug_ranges  0x00000060       0x18 ..\obj\main.o
 .debug_ranges  0x00000078       0x20 ..\obj\startup_stm32f0xx.o
 .debug_ranges  0x00000098       0x90 ..\obj\printf.o
 .debug_ranges  0x00000128       0x20 ..\obj\system_stm32f0xx_temp.o

.debug_line     0x00000000      0xa2d
 .debug_line    0x00000000       0xb4 ..\obj\semihosting.o
 .debug_line    0x000000b4      0x270 ..\obj\delay.o
 .debug_line    0x00000324       0x83 ..\obj\main.o
 .debug_line    0x000003a7       0xb4 ..\obj\startup_stm32f0xx.o
 .debug_line    0x0000045b      0x383 ..\obj\printf.o
 .debug_line    0x000007de      0x1c9 ..\obj\system_stm32f0xx_temp.o
 .debug_line    0x000009a7       0x86 ..\obj\sh_cmd.o

.debug_str      0x00000000      0xb28
 .debug_str     0x00000000      0x155 ..\obj\semihosting.o
                                0x18e (size before relaxing)
 .debug_str     0x00000155      0x31f ..\obj\delay.o
                                0x436 (size before relaxing)
 .debug_str     0x00000474       0x90 ..\obj\main.o
                                0x19e (size before relaxing)
 .debug_str     0x00000504      0x4cc ..\obj\printf.o
                                0x673 (size before relaxing)
 .debug_str     0x000009d0      0x158 ..\obj\system_stm32f0xx_temp.o
                                0x29b (size before relaxing)

.comment        0x00000000       0x70
 .comment       0x00000000       0x70 ..\obj\semihosting.o
                                 0x71 (size before relaxing)
 .comment       0x00000000       0x71 ..\obj\delay.o
 .comment       0x00000000       0x71 ..\obj\main.o
 .comment       0x00000000       0x71 ..\obj\printf.o
 .comment       0x00000000       0x71 ..\obj\system_stm32f0xx_temp.o

.ARM.attributes
                0x00000000       0x2f
 .ARM.attributes
                0x00000000       0x31 ..\obj\semihosting.o
 .ARM.attributes
                0x00000031       0x31 ..\obj\delay.o
 .ARM.attributes
                0x00000062       0x31 ..\obj\main.o
 .ARM.attributes
                0x00000093       0x21 ..\obj\startup_stm32f0xx.o
 .ARM.attributes
                0x000000b4       0x31 ..\obj\printf.o
 .ARM.attributes
                0x000000e5       0x31 ..\obj\system_stm32f0xx_temp.o
 .ARM.attributes
                0x00000116       0x21 ..\obj\sh_cmd.o
 .ARM.attributes
                0x00000137       0x1e c:/program files (x86)/gnu tools arm embedded/4.9 2014q4/bin/../lib/gcc/arm-none-eabi/4.9.3/armv6-m\libgcc.a(_udivsi3.o)
 .ARM.attributes
                0x00000155       0x1e c:/program files (x86)/gnu tools arm embedded/4.9 2014q4/bin/../lib/gcc/arm-none-eabi/4.9.3/armv6-m\libgcc.a(_dvmd_tls.o)

.debug_frame    0x00000000      0x464
 .debug_frame   0x00000000       0x70 ..\obj\semihosting.o
 .debug_frame   0x00000070       0xe8 ..\obj\delay.o
 .debug_frame   0x00000158       0x48 ..\obj\main.o
 .debug_frame   0x000001a0      0x238 ..\obj\printf.o
 .debug_frame   0x000003d8       0x6c ..\obj\system_stm32f0xx_temp.o
 .debug_frame   0x00000444       0x20 c:/program files (x86)/gnu tools arm embedded/4.9 2014q4/bin/../lib/gcc/arm-none-eabi/4.9.3/armv6-m\libgcc.a(_udivsi3.o)
